// Jest Snapshot v1, https://goo.gl/fbAQLP

exports[`Logo should match snapshot 1`] = `
<styled.img
  onClick={[Function]}
  src="logo.svg"
/>
`;
