// Jest Snapshot v1, https://goo.gl/fbAQLP

exports[`Spinner should match snapshot 1`] = `
<div
  className="preloader"
>
  <div />
</div>
`;
